00:00 +0: loading /Users/oscarlowjh/MyRekod_FinHealth/test/high_contrast_overflow_test.dart
00:00 +0: RecordSaleScreen layout under High Contrast does not overflow
══╡ EXCEPTION CAUGHT BY WIDGETS LIBRARY ╞═══════════════════════════════════════════════════════════
The following FirebaseException was thrown building Builder:
[core/no-app] No Firebase App '[DEFAULT]' has been created - call Firebase.initializeApp()

The relevant error-causing widget was:
  MaterialApp
  MaterialApp:file:///Users/oscarlowjh/MyRekod_FinHealth/test/high_contrast_overflow_test.dart:37:20

When the exception was thrown, this was the stack:
#0      MethodChannelFirebase.app (package:firebase_core_platform_interface/src/method_channel/method_channel_firebase.dart:190:5)
#1      Firebase.app (package:firebase_core/src/firebase.dart:92:41)
#2      FirebaseFirestore.instance (package:cloud_firestore/src/firestore.dart:29:21)
#3      new FirestoreService (package:myrekod/services/firestore_service.dart:29:51)
#4      new _RecordSaleScreenState (package:myrekod/screens/sales/record_sale_screen.dart:46:15)
#5      RecordSaleScreen.createState (package:myrekod/screens/sales/record_sale_screen.dart:32:44)
#6      new StatefulElement (package:flutter/src/widgets/framework.dart:5902:60)
#7      StatefulWidget.createElement (package:flutter/src/widgets/framework.dart:779:38)
...     Normal element mounting (260 frames)
#267    Element.inflateWidget (package:flutter/src/widgets/framework.dart:4587:20)
#268    MultiChildRenderObjectElement.inflateWidget (package:flutter/src/widgets/framework.dart:7264:36)
#269    MultiChildRenderObjectElement.mount (package:flutter/src/widgets/framework.dart:7279:32)
...     Normal element mounting (473 frames)
#742    SingleChildWidgetElementMixin.mount (package:nested/nested.dart:222:11)
...     Normal element mounting (7 frames)
#749    _InheritedProviderScopeElement.mount (package:provider/src/inherited_provider.dart:424:11)
...     Normal element mounting (7 frames)
#756    _InheritedProviderScopeElement.mount (package:provider/src/inherited_provider.dart:424:11)
...     Normal element mounting (7 frames)
#763    _InheritedProviderScopeElement.mount (package:provider/src/inherited_provider.dart:424:11)
...     Normal element mounting (7 frames)
#770    _InheritedProviderScopeElement.mount (package:provider/src/inherited_provider.dart:424:11)
...     Normal element mounting (7 frames)
#777    _InheritedProviderScopeElement.mount (package:provider/src/inherited_provider.dart:424:11)
...     Normal element mounting (7 frames)
#784    _InheritedProviderScopeElement.mount (package:provider/src/inherited_provider.dart:424:11)
...     Normal element mounting (7 frames)
#791    _InheritedProviderScopeElement.mount (package:provider/src/inherited_provider.dart:424:11)
...     Normal element mounting (7 frames)
#798    SingleChildWidgetElementMixin.mount (package:nested/nested.dart:222:11)
...     Normal element mounting (7 frames)
#805    _NestedHookElement.mount (package:nested/nested.dart:187:11)
...     Normal element mounting (7 frames)
#812    SingleChildWidgetElementMixin.mount (package:nested/nested.dart:222:11)
#813    Element.inflateWidget (package:flutter/src/widgets/framework.dart:4587:20)
#814    Element.updateChild (package:flutter/src/widgets/framework.dart:4053:20)
#815    ComponentElement.performRebuild (package:flutter/src/widgets/framework.dart:5841:16)
#816    Element.rebuild (package:flutter/src/widgets/framework.dart:5529:7)
#817    ProxyElement.update (package:flutter/src/widgets/framework.dart:6149:5)
#818    _InheritedNotifierElement.update (package:flutter/src/widgets/inherited_notifier.dart:108:11)
#819    Element.updateChild (package:flutter/src/widgets/framework.dart:4037:15)
#820    ComponentElement.performRebuild (package:flutter/src/widgets/framework.dart:5841:16)
#821    StatefulElement.performRebuild (package:flutter/src/widgets/framework.dart:5982:11)
#822    Element.rebuild (package:flutter/src/widgets/framework.dart:5529:7)
#823    StatefulElement.update (package:flutter/src/widgets/framework.dart:6007:5)
#824    Element.updateChild (package:flutter/src/widgets/framework.dart:4037:15)
#825    ComponentElement.performRebuild (package:flutter/src/widgets/framework.dart:5841:16)
#826    Element.rebuild (package:flutter/src/widgets/framework.dart:5529:7)
#827    ProxyElement.update (package:flutter/src/widgets/framework.dart:6149:5)
#828    _InheritedNotifierElement.update (package:flutter/src/widgets/inherited_notifier.dart:108:11)
#829    Element.updateChild (package:flutter/src/widgets/framework.dart:4037:15)
#830    ComponentElement.performRebuild (package:flutter/src/widgets/framework.dart:5841:16)
#831    StatefulElement.performRebuild (package:flutter/src/widgets/framework.dart:5982:11)
#832    Element.rebuild (package:flutter/src/widgets/framework.dart:5529:7)
#833    StatefulElement.update (package:flutter/src/widgets/framework.dart:6007:5)
#834    Element.updateChild (package:flutter/src/widgets/framework.dart:4037:15)
#835    ComponentElement.performRebuild (package:flutter/src/widgets/framework.dart:5841:16)
#836    StatefulElement.performRebuild (package:flutter/src/widgets/framework.dart:5982:11)
#837    Element.rebuild (package:flutter/src/widgets/framework.dart:5529:7)
#838    StatefulElement.update (package:flutter/src/widgets/framework.dart:6007:5)
#839    Element.updateChild (package:flutter/src/widgets/framework.dart:4037:15)
#840    ComponentElement.performRebuild (package:flutter/src/widgets/framework.dart:5841:16)
#841    Element.rebuild (package:flutter/src/widgets/framework.dart:5529:7)
#842    ProxyElement.update (package:flutter/src/widgets/framework.dart:6149:5)
#843    Element.updateChild (package:flutter/src/widgets/framework.dart:4037:15)
#844    ComponentElement.performRebuild (package:flutter/src/widgets/framework.dart:5841:16)
#845    StatefulElement.performRebuild (package:flutter/src/widgets/framework.dart:5982:11)
#846    Element.rebuild (package:flutter/src/widgets/framework.dart:5529:7)
#847    StatefulElement.update (package:flutter/src/widgets/framework.dart:6007:5)
#848    Element.updateChild (package:flutter/src/widgets/framework.dart:4037:15)
#849    ComponentElement.performRebuild (package:flutter/src/widgets/framework.dart:5841:16)
#850    Element.rebuild (package:flutter/src/widgets/framework.dart:5529:7)
#851    ProxyElement.update (package:flutter/src/widgets/framework.dart:6149:5)
#852    Element.updateChild (package:flutter/src/widgets/framework.dart:4037:15)
#853    ComponentElement.performRebuild (package:flutter/src/widgets/framework.dart:5841:16)
#854    Element.rebuild (package:flutter/src/widgets/framework.dart:5529:7)
#855    ProxyElement.update (package:flutter/src/widgets/framework.dart:6149:5)
#856    Element.updateChild (package:flutter/src/widgets/framework.dart:4037:15)
#857    _RawViewElement._updateChild (package:flutter/src/widgets/view.dart:481:16)
#858    _RawViewElement.update (package:flutter/src/widgets/view.dart:568:5)
#859    Element.updateChild (package:flutter/src/widgets/framework.dart:4037:15)
#860    ComponentElement.performRebuild (package:flutter/src/widgets/framework.dart:5841:16)
#861    Element.rebuild (package:flutter/src/widgets/framework.dart:5529:7)
#862    StatelessElement.update (package:flutter/src/widgets/framework.dart:5895:5)
#863    Element.updateChild (package:flutter/src/widgets/framework.dart:4037:15)
#864    ComponentElement.performRebuild (package:flutter/src/widgets/framework.dart:5841:16)
#865    StatefulElement.performRebuild (package:flutter/src/widgets/framework.dart:5982:11)
#866    Element.rebuild (package:flutter/src/widgets/framework.dart:5529:7)
#867    StatefulElement.update (package:flutter/src/widgets/framework.dart:6007:5)
#868    Element.updateChild (package:flutter/src/widgets/framework.dart:4037:15)
#869    RootElement._rebuild (package:flutter/src/widgets/binding.dart:1822:16)
#870    RootElement.update (package:flutter/src/widgets/binding.dart:1800:5)
#871    RootElement.performRebuild (package:flutter/src/widgets/binding.dart:1814:7)
#872    Element.rebuild (package:flutter/src/widgets/framework.dart:5529:7)
#873    BuildScope._tryRebuild (package:flutter/src/widgets/framework.dart:2750:15)
#874    BuildScope._flushDirtyElements (package:flutter/src/widgets/framework.dart:2807:11)
#875    BuildOwner.buildScope (package:flutter/src/widgets/framework.dart:3111:18)
#876    AutomatedTestWidgetsFlutterBinding.drawFrame (package:flutter_test/src/binding.dart:2131:19)
#877    RendererBinding._handlePersistentFrameCallback (package:flutter/src/rendering/binding.dart:495:5)
#878    SchedulerBinding._invokeFrameCallback (package:flutter/src/scheduler/binding.dart:1430:15)
#879    SchedulerBinding.handleDrawFrame (package:flutter/src/scheduler/binding.dart:1345:9)
#880    AutomatedTestWidgetsFlutterBinding.pump.<anonymous closure> (package:flutter_test/src/binding.dart:1960:9)
#883    TestAsyncUtils.guard (package:flutter_test/src/test_async_utils.dart:74:41)
#884    AutomatedTestWidgetsFlutterBinding.pump (package:flutter_test/src/binding.dart:1949:27)
#885    WidgetTester.pumpWidget.<anonymous closure> (package:flutter_test/src/widget_tester.dart:598:22)
#888    TestAsyncUtils.guard (package:flutter_test/src/test_async_utils.dart:74:41)
#889    WidgetTester.pumpWidget (package:flutter_test/src/widget_tester.dart:595:27)
#890    main.<anonymous closure> (file:///Users/oscarlowjh/MyRekod_FinHealth/test/high_contrast_overflow_test.dart:24:18)
#891    testWidgets.<anonymous closure>.<anonymous closure> (package:flutter_test/src/widget_tester.dart:192:29)
<asynchronous suspension>
#892    TestWidgetsFlutterBinding._runTestBody (package:flutter_test/src/binding.dart:1682:5)
<asynchronous suspension>
<asynchronous suspension>
(elided 5 frames from dart:async and package:stack_trace)

════════════════════════════════════════════════════════════════════════════════════════════════════
══╡ EXCEPTION CAUGHT BY WIDGETS LIBRARY ╞═══════════════════════════════════════════════════════════
The following FirebaseException was thrown building Builder:
[core/no-app] No Firebase App '[DEFAULT]' has been created - call Firebase.initializeApp()

The relevant error-causing widget was:
  MaterialApp
  MaterialApp:file:///Users/oscarlowjh/MyRekod_FinHealth/test/high_contrast_overflow_test.dart:37:20

When the exception was thrown, this was the stack:
#0      MethodChannelFirebase.app (package:firebase_core_platform_interface/src/method_channel/method_channel_firebase.dart:190:5)
#1      Firebase.app (package:firebase_core/src/firebase.dart:92:41)
#2      FirebaseFirestore.instance (package:cloud_firestore/src/firestore.dart:29:21)
#3      new FirestoreService (package:myrekod/services/firestore_service.dart:29:51)
#4      new _RecordSaleScreenState (package:myrekod/screens/sales/record_sale_screen.dart:46:15)
#5      RecordSaleScreen.createState (package:myrekod/screens/sales/record_sale_screen.dart:32:44)
#6      new StatefulElement (package:flutter/src/widgets/framework.dart:5902:60)
#7      StatefulWidget.createElement (package:flutter/src/widgets/framework.dart:779:38)
...     Normal element mounting (4 frames)
#11     Element.inflateWidget (package:flutter/src/widgets/framework.dart:4587:20)
#12     Element.updateChild (package:flutter/src/widgets/framework.dart:4053:20)
#13     ComponentElement.performRebuild (package:flutter/src/widgets/framework.dart:5841:16)
#14     Element.rebuild (package:flutter/src/widgets/framework.dart:5529:7)
#15     StatelessElement.update (package:flutter/src/widgets/framework.dart:5895:5)
#16     Element.updateChild (package:flutter/src/widgets/framework.dart:4037:15)
#17     SingleChildRenderObjectElement.update (package:flutter/src/widgets/framework.dart:7122:14)
#18     Element.updateChild (package:flutter/src/widgets/framework.dart:4037:15)
#19     SingleChildRenderObjectElement.update (package:flutter/src/widgets/framework.dart:7122:14)
#20     Element.updateChild (package:flutter/src/widgets/framework.dart:4037:15)
#21     ComponentElement.performRebuild (package:flutter/src/widgets/framework.dart:5841:16)
#22     StatefulElement.performRebuild (package:flutter/src/widgets/framework.dart:5982:11)
#23     Element.rebuild (package:flutter/src/widgets/framework.dart:5529:7)
#24     StatefulElement.update (package:flutter/src/widgets/framework.dart:6007:5)
#25     Element.updateChild (package:flutter/src/widgets/framework.dart:4037:15)
#26     SingleChildRenderObjectElement.update (package:flutter/src/widgets/framework.dart:7122:14)
#27     Element.updateChild (package:flutter/src/widgets/framework.dart:4037:15)
#28     ComponentElement.performRebuild (package:flutter/src/widgets/framework.dart:5841:16)
#29     StatefulElement.performRebuild (package:flutter/src/widgets/framework.dart:5982:11)
#30     Element.rebuild (package:flutter/src/widgets/framework.dart:5529:7)
#31     StatefulElement.update (package:flutter/src/widgets/framework.dart:6007:5)
#32     Element.updateChild (package:flutter/src/widgets/framework.dart:4037:15)
#33     SingleChildRenderObjectElement.update (package:flutter/src/widgets/framework.dart:7122:14)
#34     Element.updateChild (package:flutter/src/widgets/framework.dart:4037:15)
#35     SingleChildRenderObjectElement.update (package:flutter/src/widgets/framework.dart:7122:14)
#36     Element.updateChild (package:flutter/src/widgets/framework.dart:4037:15)
#37     ComponentElement.performRebuild (package:flutter/src/widgets/framework.dart:5841:16)
#38     StatefulElement.performRebuild (package:flutter/src/widgets/framework.dart:5982:11)
#39     Element.rebuild (package:flutter/src/widgets/framework.dart:5529:7)
#40     StatefulElement.update (package:flutter/src/widgets/framework.dart:6007:5)
#41     Element.updateChild (package:flutter/src/widgets/framework.dart:4037:15)
#42     SingleChildRenderObjectElement.update (package:flutter/src/widgets/framework.dart:7122:14)
#43     Element.updateChild (package:flutter/src/widgets/framework.dart:4037:15)
#44     ComponentElement.performRebuild (package:flutter/src/widgets/framework.dart:5841:16)
#45     StatefulElement.performRebuild (package:flutter/src/widgets/framework.dart:5982:11)
#46     Element.rebuild (package:flutter/src/widgets/framework.dart:5529:7)
#47     StatefulElement.update (package:flutter/src/widgets/framework.dart:6007:5)
#48     Element.updateChild (package:flutter/src/widgets/framework.dart:4037:15)
#49     SingleChildRenderObjectElement.update (package:flutter/src/widgets/framework.dart:7122:14)
#50     Element.updateChild (package:flutter/src/widgets/framework.dart:4037:15)
#51     SingleChildRenderObjectElement.update (package:flutter/src/widgets/framework.dart:7122:14)
#52     Element.updateChild (package:flutter/src/widgets/framework.dart:4037:15)
#53     ComponentElement.performRebuild (package:flutter/src/widgets/framework.dart:5841:16)
#54     StatefulElement.performRebuild (package:flutter/src/widgets/framework.dart:5982:11)
#55     Element.rebuild (package:flutter/src/widgets/framework.dart:5529:7)
#56     StatefulElement.update (package:flutter/src/widgets/framework.dart:6007:5)
#57     Element.updateChild (package:flutter/src/widgets/framework.dart:4037:15)
#58     SingleChildRenderObjectElement.update (package:flutter/src/widgets/framework.dart:7122:14)
#59     Element.updateChild (package:flutter/src/widgets/framework.dart:4037:15)
#60     SingleChildRenderObjectElement.update (package:flutter/src/widgets/framework.dart:7122:14)
#61     Element.updateChild (package:flutter/src/widgets/framework.dart:4037:15)
#62     SingleChildRenderObjectElement.update (package:flutter/src/widgets/framework.dart:7122:14)
#63     Element.updateChild (package:flutter/src/widgets/framework.dart:4037:15)
#64     ComponentElement.performRebuild (package:flutter/src/widgets/framework.dart:5841:16)
#65     StatefulElement.performRebuild (package:flutter/src/widgets/framework.dart:5982:11)
#66     Element.rebuild (package:flutter/src/widgets/framework.dart:5529:7)
#67     StatefulElement.update (package:flutter/src/widgets/framework.dart:6007:5)
#68     Element.updateChild (package:flutter/src/widgets/framework.dart:4037:15)
#69     SingleChildRenderObjectElement.update (package:flutter/src/widgets/framework.dart:7122:14)
#70     Element.updateChild (package:flutter/src/widgets/framework.dart:4037:15)
#71     ComponentElement.performRebuild (package:flutter/src/widgets/framework.dart:5841:16)
#72     StatefulElement.performRebuild (package:flutter/src/widgets/framework.dart:5982:11)
#73     Element.rebuild (package:flutter/src/widgets/framework.dart:5529:7)
#74     StatefulElement.update (package:flutter/src/widgets/framework.dart:6007:5)
#75     Element.updateChild (package:flutter/src/widgets/framework.dart:4037:15)
#76     ComponentElement.performRebuild (package:flutter/src/widgets/framework.dart:5841:16)
#77     Element.rebuild (package:flutter/src/widgets/framework.dart:5529:7)
#78     StatelessElement.update (package:flutter/src/widgets/framework.dart:5895:5)
#79     Element.updateChild (package:flutter/src/widgets/framework.dart:4037:15)
#80     ComponentElement.performRebuild (package:flutter/src/widgets/framework.dart:5841:16)
#81     StatefulElement.performRebuild (package:flutter/src/widgets/framework.dart:5982:11)
#82     Element.rebuild (package:flutter/src/widgets/framework.dart:5529:7)
#83     StatefulElement.update (package:flutter/src/widgets/framework.dart:6007:5)
#84     Element.updateChild (package:flutter/src/widgets/framework.dart:4037:15)
#85     ComponentElement.performRebuild (package:flutter/src/widgets/framework.dart:5841:16)
#86     StatefulElement.performRebuild (package:flutter/src/widgets/framework.dart:5982:11)
#87     Element.rebuild (package:flutter/src/widgets/framework.dart:5529:7)
#88     StatefulElement.update (package:flutter/src/widgets/framework.dart:6007:5)
#89     Element.updateChild (package:flutter/src/widgets/framework.dart:4037:15)
#90     ComponentElement.performRebuild (package:flutter/src/widgets/framework.dart:5841:16)
#91     StatefulElement.performRebuild (package:flutter/src/widgets/framework.dart:5982:11)
#92     Element.rebuild (package:flutter/src/widgets/framework.dart:5529:7)
#93     StatefulElement.update (package:flutter/src/widgets/framework.dart:6007:5)
#94     Element.updateChild (package:flutter/src/widgets/framework.dart:4037:15)
#95     SingleChildRenderObjectElement.update (package:flutter/src/widgets/framework.dart:7122:14)
#96     Element.updateChild (package:flutter/src/widgets/framework.dart:4037:15)
#97     ComponentElement.performRebuild (package:flutter/src/widgets/framework.dart:5841:16)
#98     Element.rebuild (package:flutter/src/widgets/framework.dart:5529:7)
#99     ProxyElement.update (package:flutter/src/widgets/framework.dart:6149:5)
#100    _InheritedNotifierElement.update (package:flutter/src/widgets/inherited_notifier.dart:108:11)
#101    Element.updateChild (package:flutter/src/widgets/framework.dart:4037:15)
#102    SingleChildRenderObjectElement.update (package:flutter/src/widgets/framework.dart:7122:14)
#103    Element.updateChild (package:flutter/src/widgets/framework.dart:4037:15)
#104    ComponentElement.performRebuild (package:flutter/src/widgets/framework.dart:5841:16)
#105    StatefulElement.performRebuild (package:flutter/src/widgets/framework.dart:5982:11)
#106    Element.rebuild (package:flutter/src/widgets/framework.dart:5529:7)
#107    StatefulElement.update (package:flutter/src/widgets/framework.dart:6007:5)
#108    Element.updateChild (package:flutter/src/widgets/framework.dart:4037:15)
#109    ComponentElement.performRebuild (package:flutter/src/widgets/framework.dart:5841:16)
#110    Element.rebuild (package:flutter/src/widgets/framework.dart:5529:7)
#111    ProxyElement.update (package:flutter/src/widgets/framework.dart:6149:5)
#112    Element.updateChild (package:flutter/src/widgets/framework.dart:4037:15)
#113    ComponentElement.performRebuild (package:flutter/src/widgets/framework.dart:5841:16)
#114    Element.rebuild (package:flutter/src/widgets/framework.dart:5529:7)
#115    ProxyElement.update (package:flutter/src/widgets/framework.dart:6149:5)
#116    Element.updateChild (package:flutter/src/widgets/framework.dart:4037:15)
#117    ComponentElement.performRebuild (package:flutter/src/widgets/framework.dart:5841:16)
#118    StatefulElement.performRebuild (package:flutter/src/widgets/framework.dart:5982:11)
#119    Element.rebuild (package:flutter/src/widgets/framework.dart:5529:7)
#120    StatefulElement.update (package:flutter/src/widgets/framework.dart:6007:5)
#121    Element.updateChild (package:flutter/src/widgets/framework.dart:4037:15)
#122    ComponentElement.performRebuild (package:flutter/src/widgets/framework.dart:5841:16)
#123    Element.rebuild (package:flutter/src/widgets/framework.dart:5529:7)
#124    StatelessElement.update (package:flutter/src/widgets/framework.dart:5895:5)
#125    Element.updateChild (package:flutter/src/widgets/framework.dart:4037:15)
#126    ComponentElement.performRebuild (package:flutter/src/widgets/framework.dart:5841:16)
#127    Element.rebuild (package:flutter/src/widgets/framework.dart:5529:7)
#128    StatelessElement.update (package:flutter/src/widgets/framework.dart:5895:5)
#129    Element.updateChild (package:flutter/src/widgets/framework.dart:4037:15)
#130    SingleChildRenderObjectElement.update (package:flutter/src/widgets/framework.dart:7122:14)
#131    Element.updateChild (package:flutter/src/widgets/framework.dart:4037:15)
#132    ComponentElement.performRebuild (package:flutter/src/widgets/framework.dart:5841:16)
#133    Element.rebuild (package:flutter/src/widgets/framework.dart:5529:7)
#134    ProxyElement.update (package:flutter/src/widgets/framework.dart:6149:5)
#135    Element.updateChild (package:flutter/src/widgets/framework.dart:4037:15)
#136    ComponentElement.performRebuild (package:flutter/src/widgets/framework.dart:5841:16)
#137    Element.rebuild (package:flutter/src/widgets/framework.dart:5529:7)
#138    ProxyElement.update (package:flutter/src/widgets/framework.dart:6149:5)
#139    Element.updateChild (package:flutter/src/widgets/framework.dart:4037:15)
#140    ComponentElement.performRebuild (package:flutter/src/widgets/framework.dart:5841:16)
#141    StatefulElement.performRebuild (package:flutter/src/widgets/framework.dart:5982:11)
#142    Element.rebuild (package:flutter/src/widgets/framework.dart:5529:7)
#143    StatefulElement.update (package:flutter/src/widgets/framework.dart:6007:5)
#144    Element.updateChild (package:flutter/src/widgets/framework.dart:4037:15)
#145    ComponentElement.performRebuild (package:flutter/src/widgets/framework.dart:5841:16)
#146    StatefulElement.performRebuild (package:flutter/src/widgets/framework.dart:5982:11)
#147    Element.rebuild (package:flutter/src/widgets/framework.dart:5529:7)
#148    StatefulElement.update (package:flutter/src/widgets/framework.dart:6007:5)
#149    Element.updateChild (package:flutter/src/widgets/framework.dart:4037:15)
#150    ComponentElement.performRebuild (package:flutter/src/widgets/framework.dart:5841:16)
#151    StatefulElement.performRebuild (package:flutter/src/widgets/framework.dart:5982:11)
#152    Element.rebuild (package:flutter/src/widgets/framework.dart:5529:7)
#153    BuildScope._tryRebuild (package:flutter/src/widgets/framework.dart:2750:15)
#154    BuildScope._flushDirtyElements (package:flutter/src/widgets/framework.dart:2807:11)
#155    BuildOwner.buildScope (package:flutter/src/widgets/framework.dart:3111:18)
#156    AutomatedTestWidgetsFlutterBinding.drawFrame (package:flutter_test/src/binding.dart:2131:19)
#157    RendererBinding._handlePersistentFrameCallback (package:flutter/src/rendering/binding.dart:495:5)
#158    SchedulerBinding._invokeFrameCallback (package:flutter/src/scheduler/binding.dart:1430:15)
#159    SchedulerBinding.handleDrawFrame (package:flutter/src/scheduler/binding.dart:1345:9)
#160    AutomatedTestWidgetsFlutterBinding.pump.<anonymous closure> (package:flutter_test/src/binding.dart:1960:9)
#163    TestAsyncUtils.guard (package:flutter_test/src/test_async_utils.dart:74:41)
#164    AutomatedTestWidgetsFlutterBinding.pump (package:flutter_test/src/binding.dart:1949:27)
#165    WidgetTester.pumpAndSettle.<anonymous closure> (package:flutter_test/src/widget_tester.dart:719:23)
#168    TestAsyncUtils.guard (package:flutter_test/src/test_async_utils.dart:74:41)
#169    WidgetTester.pumpAndSettle (package:flutter_test/src/widget_tester.dart:712:27)
#170    main.<anonymous closure> (file:///Users/oscarlowjh/MyRekod_FinHealth/test/high_contrast_overflow_test.dart:46:18)
<asynchronous suspension>
#171    testWidgets.<anonymous closure>.<anonymous closure> (package:flutter_test/src/widget_tester.dart:192:15)
<asynchronous suspension>
#172    TestWidgetsFlutterBinding._runTestBody (package:flutter_test/src/binding.dart:1682:5)
<asynchronous suspension>
<asynchronous suspension>
(elided 5 frames from dart:async and package:stack_trace)

════════════════════════════════════════════════════════════════════════════════════════════════════
══╡ EXCEPTION CAUGHT BY FLUTTER TEST FRAMEWORK ╞════════════════════════════════════════════════════
The following message was thrown:
Multiple exceptions (2) were detected during the running of the current test, and at least one was
unexpected.
════════════════════════════════════════════════════════════════════════════════════════════════════
00:00 +0 -1: RecordSaleScreen layout under High Contrast does not overflow [E]
  Test failed. See exception logs above.
  The test description was: RecordSaleScreen layout under High Contrast does not overflow
  
00:00 +0 -1: Some tests failed.
